
> gamers-aposentados@0.1.0 build
> next build

Γû▓ Next.js 16.1.6 (Turbopack)
- Environments: .env.local, .env

  Creating an optimized production build ...
Γ£ô Compiled successfully in 4.6s
  Running TypeScript ...
Failed to compile.

./src/app/(main)/reviews/page.tsx:25:13
Type error: Type '{ reviews: ({ user: { username: string | null; image: string | null; name: string | null; }; game: { title: string; platform: string | null; cover_url: string | null; quest_type: QuestType; }; } & { ...; })[]; games: { ...; }[]; currentUserId: string | undefined; }' is not assignable to type 'IntrinsicAttributes & ReviewsClientProps'.
  Property 'currentUserId' does not exist on type 'IntrinsicAttributes & ReviewsClientProps'.

  23 |             reviews={reviews}
  24 |             games={games}
> 25 |             currentUserId={session.user.id}
     |             ^
  26 |         />
  27 |     );
  28 | }
Next.js build worker exited with code: 1 and signal: null
